[www.dodladairy.com/index.html]
[backblue.gif]
[fade.gif]
[index.html]
[www.dodladairy.com/js/vendor/modernizr-2.6.2-respond-1.1.0.min.js]
[www.dodladairy.com/index-2.html]
[www.dodladairy.com/images/logo2.png]
[www.dodladairy.com/directors.html]
[www.dodladairy.com/our-values.html]
[www.dodladairy.com/our-team.html]
[www.dodladairy.com/corporatebrochure.html]
[www.dodladairy.com/images/CSR-DDL-V.0.2.pdf]
[www.dodladairy.com/images/Vigil-Mechanism.pdf]
[www.dodladairy.com/images/PSH-Policy.pdf]
[www.dodladairy.com/products.html]
[www.dodladairy.com/dodlamilk.html]
[www.dodladairy.com/cow-milk.html]
[www.dodladairy.com/uht-milk.html]
[www.dodladairy.com/dodla-curd.html]
[www.dodladairy.com/dodla-ghee.html]
[www.dodladairy.com/dodla-paneer.html]
[www.dodladairy.com/dodla-doodh-peda.html]
[www.dodladairy.com/dodla-butter-milk.html]
[www.dodladairy.com/dodla-flavoured-milk.html]
[www.dodladairy.com/dodla-cooking-butter.html]
[www.dodladairy.com/procurement.html]
[www.dodladairy.com/ops.html]
[www.dodladairy.com/nellore.html]
[www.dodladairy.com/badvel.html]
[www.dodladairy.com/koppal.html]
[www.dodladairy.com/kurnool.html]
[www.dodladairy.com/palamaneer.html]
[www.dodladairy.com/penumur.html]
[www.dodladairy.com/sattenapalley.html]
[www.dodladairy.com/tumkur.html]
[www.dodladairy.com/tanuku.html]
[www.dodladairy.com/dharmapuri.html]
[www.dodladairy.com/hyderabad.html]
[www.dodladairy.com/financials.html]
[www.dodladairy.com/overseas.html]
[www.dodladairy.com/career.html]
[www.dodladairy.com/contact.html]
[www.dodladairy.com/salesoffice.html]
[www.dodladairy.com/packingstations.html]
[www.dodladairy.com/chillingcenters.html]
[www.dodladairy.com/www.dodladairy.com]
[www.dodladairy.com/js/vendor/jquery-1.9.1.min.js]
[www.dodladairy.com/js/vendor/bootstrap.min.js]
[www.dodladairy.com/js/main.js]
[www.dodladairy.com/js/jquery.ba-cond.min.js]
[www.dodladairy.com/js/jquery.slitslider.js]
[www.dodladairy.com/index.html]
[www.dodladairy.com/css/bootstrap.min.css]
[www.dodladairy.com/css/bootstrap-responsive.min.css]
[www.dodladairy.com/font/fontawesome-webfontf77bf77b.eot]
[www.dodladairy.com/font/fontawesome-webfontd41dd41d.eot]
[www.dodladairy.com/font/fontawesome-webfontf77bf77b.woff]
[www.dodladairy.com/font/fontawesome-webfontf77bf77b.ttf]
[www.dodladairy.com/css/font-awesome.min.css]
[www.dodladairy.com/images/logo.39.delayed]
[www.dodladairy.com/css/main.css]
[www.dodladairy.com/images/sample/slider/002.jpg]
[www.dodladairy.com/images/sample/slider/slider-04.jpg]
[www.dodladairy.com/images/sample/slider/slider-03.jpg]
[www.dodladairy.com/images/sample/slider/slider-02.jpg]
[www.dodladairy.com/css/sl-slide.css]
[www.dodladairy.com/index-2.html]
[www.dodladairy.com/images/sample/slider/inner_02.jpg]
[www.dodladairy.com/directors.html]
[www.dodladairy.com/images/sample/slider/inner_03.jpg]
[www.dodladairy.com/images/ourValues.png]
[www.dodladairy.com/our-values.html]
[www.dodladairy.com/images/sample/slider/inner_002.jpg]
[www.dodladairy.com/our-team.html]
[www.dodladairy.com/images/sample/slider/inner_31.jpg]
[www.dodladairy.com/images/2016-2017-Corporate-Profile.pdf]
[www.dodladairy.com/corporatebrochure.html]
[www.dodladairy.com/images/CSR-DDL-V.0.2.pdf]
[www.dodladairy.com/images/Vigil-Mechanism.pdf]
[www.dodladairy.com/images/PSH-Policy.pdf]
[www.dodladairy.com/images/sample/slider/inner_05.jpg]
[www.dodladairy.com/images/sample/clients/001.jpg]
[www.dodladairy.com/images/sample/clients/002.jpg]
[www.dodladairy.com/images/sample/clients/003.jpg]
[www.dodladairy.com/images/sample/clients/004.jpg]
[www.dodladairy.com/images/sample/clients/005.jpg]
[www.dodladairy.com/images/sample/clients/006.jpg]
[www.dodladairy.com/images/sample/clients/007.jpg]
[www.dodladairy.com/images/sample/clients/008.jpg]
[www.dodladairy.com/images/sample/clients/009.jpg]
[www.dodladairy.com/products.html]
[www.dodladairy.com/images/sample/slider/inner_06.jpg]
[www.dodladairy.com/images/portfolio/thumb/milk-01.png]
[www.dodladairy.com/images/portfolio/thumb/milk-03.png]
[www.dodladairy.com/images/portfolio/thumb/milk-04.png]
[www.dodladairy.com/dodlamilk.html]
[www.dodladairy.com/images/underconstruction.png]
[www.dodladairy.com/cow-milk.html]
[www.dodladairy.com/images/sample/slider/inner_06-uht.jpg]
[www.dodladairy.com/images/portfolio/thumb/milk-02.png]
[www.dodladairy.com/uht-milk.html]
[www.dodladairy.com/images/sample/slider/inner_07.jpg]
[www.dodladairy.com/images/curd.png]
[www.dodladairy.com/dodla-curd.html]
[www.dodladairy.com/images/sample/slider/inner_08.jpg]
[www.dodladairy.com/images/portfolio/thumb/ghee-04.png]
[www.dodladairy.com/images/portfolio/thumb/ghee-05.png]
[www.dodladairy.com/images/portfolio/thumb/ghee-06.png]
[www.dodladairy.com/dodla-ghee.html]
[www.dodladairy.com/images/sample/slider/inner_09.jpg]
[www.dodladairy.com/images/portfolio/thumb/paneer-01.png]
[www.dodladairy.com/dodla-paneer.html]
[www.dodladairy.com/images/sample/slider/inner_10.jpg]
[www.dodladairy.com/images/portfolio/thumb/doodhpeda-01.png]
[www.dodladairy.com/dodla-doodh-peda.html]
[www.dodladairy.com/images/sample/slider/inner_11.jpg]
[www.dodladairy.com/images/portfolio/thumb/buttermilk-01.png]
[www.dodladairy.com/images/portfolio/thumb/buttermilk-02.png]
[www.dodladairy.com/dodla-butter-milk.html]
[www.dodladairy.com/images/sample/slider/inner_12.jpg]
[www.dodladairy.com/images/portfolio/thumb/flavouredmilk-01.png]
[www.dodladairy.com/images/portfolio/thumb/flavouredmilk-02.png]
[www.dodladairy.com/images/portfolio/thumb/flavouredmilk-03.png]
[www.dodladairy.com/images/portfolio/thumb/flavouredmilk-04.png]
[www.dodladairy.com/images/portfolio/thumb/flavouredmilk-05.png]
[www.dodladairy.com/images/portfolio/thumb/flavouredmilk-06.png]
[www.dodladairy.com/dodla-flavoured-milk.html]
[www.dodladairy.com/images/sample/slider/_inner_13.jpg]
[www.dodladairy.com/images/portfolio/thumb/cookingButter-01.6a.delayed]
[www.dodladairy.com/images/portfolio/thumb/cookingButter-02.png]
[www.dodladairy.com/dodla-cooking-butter.html]
[www.dodladairy.com/images/sample/slider/inner_29.jpg]
[www.dodladairy.com/procurement.html]
[www.dodladairy.com/images/sample/slider/inner_14.jpg]
[www.dodladairy.com/ops.html]
[www.dodladairy.com/images/sample/slider/inner_22.jpg]
[www.dodladairy.com/images/plants/small/nellore_01.jpg]
[www.dodladairy.com/images/plants/big/nellore_01.jpg]
[www.dodladairy.com/images/plants/small/nellore_02.jpg]
[www.dodladairy.com/images/plants/big/nellore_02.jpg]
[www.dodladairy.com/images/plants/small/nellore_03.jpg]
[www.dodladairy.com/images/plants/big/nellore_03.jpg]
[www.dodladairy.com/images/plants/small/nellore_04.jpg]
[www.dodladairy.com/images/plants/big/nellore_04.jpg]
[www.dodladairy.com/images/plants/small/nellore_05.jpg]
[www.dodladairy.com/images/plants/big/nellore_05.jpg]
[www.dodladairy.com/images/plants/small/nellore_06.jpg]
[www.dodladairy.com/images/plants/big/nellore_06.jpg]
[www.dodladairy.com/nellore.html]
[www.dodladairy.com/images/sample/slider/inner_23.jpg]
[www.dodladairy.com/images/plants/small/badvel_01.jpg]
[www.dodladairy.com/images/plants/big/badvel_01.jpg]
[www.dodladairy.com/images/plants/small/badvel_02.jpg]
[www.dodladairy.com/images/plants/big/badvel_02.jpg]
[www.dodladairy.com/badvel.html]
[www.dodladairy.com/images/sample/slider/koppal-plant.jpg]
[www.dodladairy.com/images/plants/small/koppal_001.jpg]
[www.dodladairy.com/images/plants/big/koppal_001.jpg]
[www.dodladairy.com/koppal.html]
[www.dodladairy.com/images/sample/slider/inner_25.jpg]
[www.dodladairy.com/images/plants/small/kurnool_01.jpg]
[www.dodladairy.com/images/plants/big/kurnool_01.jpg]
[www.dodladairy.com/images/plants/small/kurnool_02.jpg]
[www.dodladairy.com/images/plants/big/kurnool_02.jpg]
[www.dodladairy.com/images/plants/small/kurnool_03.jpg]
[www.dodladairy.com/images/plants/big/kurnool_03.jpg]
[www.dodladairy.com/images/plants/small/kurnool_04.jpg]
[www.dodladairy.com/images/plants/big/kurnool_04.jpg]
[www.dodladairy.com/kurnool.html]
[www.dodladairy.com/images/sample/slider/inner_26.jpg]
[www.dodladairy.com/images/plants/small/palamaner_01.jpg]
[www.dodladairy.com/images/plants/big/palamaner_01.jpg]
[www.dodladairy.com/images/plants/big/palamaner_02.jpg]
[www.dodladairy.com/images/plants/big/palamaner_03.jpg]
[www.dodladairy.com/images/plants/big/palamaner_04.jpg]
[www.dodladairy.com/palamaneer.html]
[www.dodladairy.com/images/sample/slider/inner_27.jpg]
[www.dodladairy.com/images/plants/big/penumur_01.jpg]
[www.dodladairy.com/images/plants/big/penumur_02.jpg]
[www.dodladairy.com/images/plants/big/penumur_03.jpg]
[www.dodladairy.com/images/plants/big/penumur_04.jpg]
[www.dodladairy.com/penumur.html]
[www.dodladairy.com/images/sample/slider/inner_28.jpg]
[www.dodladairy.com/images/plants/big/sattenapally_01.jpg]
[www.dodladairy.com/images/plants/big/sattenapally_02.jpg]
[www.dodladairy.com/images/plants/big/sattenapally_03.jpg]
[www.dodladairy.com/images/plants/big/sattenapally_04.jpg]
[www.dodladairy.com/sattenapalley.html]
[www.dodladairy.com/tumkur.html]
[www.dodladairy.com/tanuku.html]
[www.dodladairy.com/dharmapuri.html]
[www.dodladairy.com/images/sample/slider/slider-05.jpg]
[www.dodladairy.com/hyderabad.html]
[www.dodladairy.com/images/sample/slider/inner_19.jpg]
[www.dodladairy.com/images/finacial/1.jpg]
[www.dodladairy.com/images/finacial/2.jpg]
[www.dodladairy.com/images/finacial/3.jpg]
[www.dodladairy.com/images/finacial/4.jpg]
[www.dodladairy.com/images/finacial/5.jpg]
[www.dodladairy.com/images/finacial/6.jpg]
[www.dodladairy.com/images/finacial/7.jpg]
[www.dodladairy.com/images/finacial/8.jpg]
[www.dodladairy.com/images/finacial/left.png]
[www.dodladairy.com/images/finacial/right.png]
[www.dodladairy.com/images/finacial/Dodla-AR-2017.pdf]
[www.dodladairy.com/images/finacial/Dodla-AR-2017.jpg]
[www.dodladairy.com/images/finacial/Dodla-AR-2016.pdf]
[www.dodladairy.com/images/finacial/Dodla-AR-2016.jpg]
[www.dodladairy.com/images/annualReport.pdf]
[www.dodladairy.com/images/finacial/Dodla-14-15.jpg]
[www.dodladairy.com/financials.html]
[www.dodladairy.com/images/sample/slider/inner_32.jpg]
[www.dodladairy.com/images/sample/slider/inner_33.jpg]
[www.dodladairy.com/overseas.html]
[www.dodladairy.com/images/sample/slider/inner_17.jpg]
[www.dodladairy.com/images/career-01.jpg]
[www.dodladairy.com/images/career-02.jpg]
[www.dodladairy.com/current_openings.html]
[www.dodladairy.com/career.html]
[www.dodladairy.com/images/sample/slider/inner_24.jpg]
[www.dodladairy.com/images/plants/plant.jpg]
[www.dodladairy.com/contact.html]
[www.dodladairy.com/salesoffice.html]
[www.dodladairy.com/packingstations.html]
[www.dodladairy.com/images/sample/slider/inner_15.jpg]
[www.dodladairy.com/chillingcenters.html]
[www.dodladairy.com/www.dodladairy.html]
[www.dodladairy.com/font/fontawesome-webfont.svg]
[www.dodladairy.com/images/logo.html]
[www.dodladairy.com/images/PSH-Policy.pdf]
[www.dodladairy.com/images/sample/slider/inner_08.jpg]
[www.dodladairy.com/images/sample/slider/inner_09.jpg]
[www.dodladairy.com/images/portfolio/thumb/cookingButter-01.html]
[www.dodladairy.com/images/portfolio/thumb/cookingButter-02.html]
[www.dodladairy.com/images/finacial/Dodla-AR-2016.pdf]
[www.dodladairy.com/images/sample/slider/inner_30.jpg]
[www.dodladairy.com/chairmanmessage.html]
[www.dodladairy.com/resumeSubmission12955.php]
[www.dodladairy.com/about-us.html]
[www.dodladairy.com/plants.html]
[www.dodladairy.com/sales.html]
[www.dodladairy.com/feedback.html]
[www.dodladairy.com/current_openings.html]
[www.dodladairy.com/images/sample/slider/inner_18.jpg]
[www.dodladairy.com/chairmanmessage.html]
[www.dodladairy.com/resumeSubmission12955.html]
[www.dodladairy.com/images/sample/slider/inner_01.jpg]
[www.dodladairy.com/about-us.html]
[www.dodladairy.com/plants.html]
[www.dodladairy.com/images/sales.jpg]
[www.dodladairy.com/sales.html]
[www.dodladairy.com/images/sample/slider/inner_16.jpg]
[www.dodladairy.com/feedback.html]
